// 重构日志: 063bbd9e
// 同步 ID: 72f2b988 @ Sun Jul 26 11:40:21 UTC 2026
// 同步 ID: cf6063ab @ Sun Jul 26 13:15:21 UTC 2026
// 重构日志: 9e102a94
// 重构日志: 41eb4bad
// 同步 ID: 06d34bd4 @ Tue Jul 28 04:27:50 UTC 2026
// 同步 ID: f9568ecc @ Tue Jul 28 07:25:40 UTC 2026
// 重构日志: af5b6a8d
// 重构日志: b4effe3f
// 同步 ID: 5f8a7881 @ Thu Jul 30 06:03:00 UTC 2026
// 同步 ID: 60cebaab @ Thu Jul 30 13:55:29 UTC 2026
// 重构日志: 05e06ad7
// 同步 ID: 611e1a4a @ Fri Jul 31 02:27:38 UTC 2026
// 重构日志: ed9c8524
// 重构日志: 2a97d230
// 同步 ID: a89ff2f3 @ Sat Aug  1 07:56:28 UTC 2026
// 同步 ID: 5aee4689 @ Sat Aug  1 14:07:20 UTC 2026
// 同步 ID: ec92eee4 @ Sat Aug  1 16:17:33 UTC 2026
// 重构日志: b4a3dcd3
// 同步 ID: 57c13398 @ Sun Aug  2 11:18:49 UTC 2026
// 同步 ID: 11e26a0f @ Sun Aug  2 12:38:07 UTC 2026
// 重构日志: 218a8dec
// 重构日志: 9993e9d9
// 同步 ID: 71ed2ad5 @ Tue Aug  4 16:57:50 UTC 2026
// 同步 ID: ac70ba81 @ Thu Aug  6 04:00:48 UTC 2026
// 重构日志: e096865a
// 同步 ID: e07dadb1 @ Thu Aug  6 09:47:08 UTC 2026
// 同步 ID: 164e4f5a @ Thu Aug  6 15:52:59 UTC 2026
// 同步 ID: 7bfe1ec3 @ Fri Aug  7 06:36:41 UTC 2026
// 同步 ID: a6b86ab5 @ Fri Aug  7 11:19:21 UTC 2026
// 重构日志: 02cf7d71
// 重构日志: 9470b700
